[duruthemes.com/demo/html/jopho/dark/index.html]
[backblue.gif]
[fade.gif]
[index.html]
[duruthemes.com/demo/html/jopho/dark/img/favicon.png]
[duruthemes.com/demo/html/jopho/dark/css/plugins.css]
[duruthemes.com/demo/html/jopho/dark/css/style.css]
[duruthemes.com/demo/html/jopho/dark/index-2.html]
[duruthemes.com/demo/html/jopho/dark/about.html]
[duruthemes.com/demo/html/jopho/dark/services.html]
[duruthemes.com/demo/html/jopho/dark/gallery.html]
[duruthemes.com/demo/html/jopho/dark/blog.html]
[duruthemes.com/demo/html/jopho/dark/post.html]
[duruthemes.com/demo/html/jopho/dark/services-page.html]
[duruthemes.com/demo/html/jopho/dark/contact.html]
[duruthemes.com/demo/html/jopho/dark/img/sign.png]
[duruthemes.com/demo/html/jopho/dark/img/about.jpg]
[duruthemes.com/demo/html/jopho/dark/img/gallery/01.jpg]
[duruthemes.com/demo/html/jopho/dark/img/gallery/02.jpg]
[duruthemes.com/demo/html/jopho/dark/img/gallery/03.jpg]
[duruthemes.com/demo/html/jopho/dark/img/gallery/04.jpg]
[duruthemes.com/demo/html/jopho/dark/img/gallery/05.jpg]
[duruthemes.com/demo/html/jopho/dark/img/gallery/06.jpg]
[duruthemes.com/demo/html/jopho/dark/img/gallery/07.jpg]
[duruthemes.com/demo/html/jopho/dark/img/gallery/08.jpg]
[duruthemes.com/demo/html/jopho/dark/img/gallery/09.jpg]
[duruthemes.com/demo/html/jopho/dark/img/gallery/10.jpg]
[duruthemes.com/demo/html/jopho/dark/img/gallery/11.jpg]
[duruthemes.com/demo/html/jopho/dark/img/gallery/12.jpg]
[duruthemes.com/demo/html/jopho/dark/img/services/02.jpg]
[duruthemes.com/demo/html/jopho/dark/img/services/05.jpg]
[duruthemes.com/demo/html/jopho/dark/img/services/06.jpg]
[duruthemes.com/demo/html/jopho/dark/img/services/01.jpg]
[duruthemes.com/demo/html/jopho/dark/img/services/03.jpg]
[duruthemes.com/demo/html/jopho/dark/js/jquery-3.0.0.min.js]
[duruthemes.com/demo/html/jopho/dark/js/jquery-migrate-3.0.0.min.js]
[duruthemes.com/demo/html/jopho/dark/js/modernizr-2.6.2.min.js]
[duruthemes.com/demo/html/jopho/dark/js/popper.min.js]
[duruthemes.com/demo/html/jopho/dark/js/bootstrap.min.js]
[duruthemes.com/demo/html/jopho/dark/js/scrollIt.min.js]
[duruthemes.com/demo/html/jopho/dark/js/jquery.waypoints.min.js]
[duruthemes.com/demo/html/jopho/dark/js/owl.carousel.min.js]
[duruthemes.com/demo/html/jopho/dark/js/jquery.stellar.min.js]
[duruthemes.com/demo/html/jopho/dark/js/jquery.fancybox.min.js]
[duruthemes.com/demo/html/jopho/dark/js/scripts.js]
[duruthemes.com/demo/html/jopho/dark/index.html]
[duruthemes.com/demo/html/jopho/dark/css/plugins/bootstrap.min.css]
[duruthemes.com/demo/html/jopho/dark/css/plugins/owl.carousel.min.css]
[duruthemes.com/demo/html/jopho/dark/css/plugins/owl.theme.default.min.css]
[duruthemes.com/demo/html/jopho/dark/css/plugins/animate.min.css]
[duruthemes.com/demo/html/jopho/dark/css/plugins/themify-icons.css]
[duruthemes.com/demo/html/jopho/dark/css/plugins/helper.css]
[duruthemes.com/demo/html/jopho/dark/css/plugins/fancybox.min.css]
[duruthemes.com/demo/html/jopho/dark/css/plugins.css]
[duruthemes.com/demo/html/jopho/dark/img/dots.png]
[duruthemes.com/demo/html/jopho/dark/css/style.css]
[duruthemes.com/demo/html/jopho/dark/index-2.html]
[duruthemes.com/demo/html/jopho/dark/img/team/t3.jpg]
[duruthemes.com/demo/html/jopho/dark/img/team/t1.jpg]
[duruthemes.com/demo/html/jopho/dark/img/team/t2.jpg]
[duruthemes.com/demo/html/jopho/dark/img/team/01.jpg]
[duruthemes.com/demo/html/jopho/dark/img/team/02.jpg]
[duruthemes.com/demo/html/jopho/dark/img/team/03.jpg]
[duruthemes.com/demo/html/jopho/dark/about.html]
[duruthemes.com/demo/html/jopho/dark/img/pricing/1.jpg]
[duruthemes.com/demo/html/jopho/dark/img/pricing/2.jpg]
[duruthemes.com/demo/html/jopho/dark/img/pricing/3.jpg]
[duruthemes.com/demo/html/jopho/dark/services.html]
[duruthemes.com/demo/html/jopho/dark/gallery.html]
[duruthemes.com/demo/html/jopho/dark/img/blog/01.jpg]
[duruthemes.com/demo/html/jopho/dark/img/blog/02.jpg]
[duruthemes.com/demo/html/jopho/dark/img/blog/03.jpg]
[duruthemes.com/demo/html/jopho/dark/img/blog/04.jpg]
[duruthemes.com/demo/html/jopho/dark/blog.html]
[duruthemes.com/demo/html/jopho/dark/img/blog/post.jpg]
[duruthemes.com/demo/html/jopho/dark/img/team/p.png]
[duruthemes.com/demo/html/jopho/dark/post.html]
[duruthemes.com/demo/html/jopho/dark/img/services/wedding.jpg]
[duruthemes.com/demo/html/jopho/dark/img/services/wedding2.jpg]
[duruthemes.com/demo/html/jopho/dark/img/services/wedding1.jpg]
[duruthemes.com/demo/html/jopho/dark/img/services/wedding3.jpg]
[duruthemes.com/demo/html/jopho/dark/img/services/wedding4.jpg]
[duruthemes.com/demo/html/jopho/dark/img/services/wedding5.jpg]
[duruthemes.com/demo/html/jopho/dark/services-page.html]
[duruthemes.com/demo/html/jopho/dark/contact.html]
[duruthemes.com/demo/html/jopho/dark/js/map.js]
[duruthemes.com/demo/html/jopho/dark/img/services/04.jpg]
[duruthemes.com/demo/html/jopho/dark/css/plugins/bootstrap.min.css]
[duruthemes.com/demo/html/jopho/dark/css/plugins/owl.carousel.min.css]
[duruthemes.com/demo/html/jopho/dark/css/plugins/owl.theme.default.min.css]
[duruthemes.com/demo/html/jopho/dark/css/plugins/animate.min.css]
[duruthemes.com/demo/html/jopho/dark/fonts/themify.eot]
[duruthemes.com/demo/html/jopho/dark/fonts/themifyd41d.eot]
[duruthemes.com/demo/html/jopho/dark/fonts/themify.woff]
[duruthemes.com/demo/html/jopho/dark/fonts/themify.ttf]
[duruthemes.com/demo/html/jopho/dark/css/plugins/themify-icons.css]
[duruthemes.com/demo/html/jopho/dark/css/plugins/helper.css]
[duruthemes.com/demo/html/jopho/dark/css/plugins/fancybox.min.css]
[duruthemes.com/demo/html/jopho/dark/fonts/themify.svg]
[duruthemes.com/demo/html/jopho/dark/fonts/themify.svg]
[www.duruthemes.com/idesign/Josefin Sans-v3/css/plugins/owl.video.play.png]
